// Jest Snapshot v1, https://goo.gl/fbAQLP

exports[`<ChangePassword /> renders correctly 1`] = `
<View
  style={
    Object {
      "alignItems": "center",
      "flex": 1,
      "justifyContent": "space-between",
    }
  }
>
  <Modal
    animationType="fade"
    hardwareAccelerated={false}
    onRequestClose={[Function]}
    transparent={false}
    visible={true}
  >
    <ExponentLinearGradient
      colors={
        Array [
          4294960596,
          4293904322,
        ]
      }
      endPoint={
        Array [
          1,
          1,
        ]
      }
      location={
        Array [
          0.25,
          0.4,
          1,
        ]
      }
      locations={null}
      startPoint={
        Array [
          0,
          0,
        ]
      }
      style={
        Object {
          "alignItems": "center",
          "flex": 1,
          "justifyContent": "space-between",
          "paddingTop": 30,
        }
      }
    >
      <Text
        accessible={true}
        allowFontScaling={true}
        ellipsizeMode="tail"
        style={
          Object {
            "fontSize": 45,
            "textAlign": "center",
          }
        }
      >
        Change Password
      </Text>
      <View>
        <TextInput
          allowFontScaling={true}
          autoCapitalize="none"
          onBlur={[Function]}
          onChangeText={[Function]}
          placeholder="Enter Old Password"
          placeholderTextColor="#0D1B2A"
          secureTextEntry={true}
          style={
            Object {
              "borderBottomWidth": 1,
              "borderColor": "gray",
              "color": "#114B5F",
              "height": 40,
              "minWidth": 200,
            }
          }
          value={undefined}
        />
        <TextInput
          allowFontScaling={true}
          autoCapitalize="none"
          onBlur={[Function]}
          onChangeText={[Function]}
          placeholder="Enter New Password"
          placeholderTextColor="#0D1B2A"
          secureTextEntry={true}
          style={
            Object {
              "borderBottomWidth": 1,
              "borderColor": "gray",
              "color": "#114B5F",
              "height": 40,
              "minWidth": 200,
            }
          }
          value={undefined}
        />
        <TextInput
          allowFontScaling={true}
          autoCapitalize="none"
          onBlur={[Function]}
          onChangeText={[Function]}
          placeholder="Enter New Password Again"
          placeholderTextColor="#0D1B2A"
          secureTextEntry={true}
          style={
            Object {
              "borderBottomWidth": 1,
              "borderColor": "gray",
              "color": "#114B5F",
              "height": 40,
              "minWidth": 200,
            }
          }
          value={undefined}
        />
        <TouchableOpacity
          activeOpacity={0.2}
          style={
            Object {
              "borderColor": "#0D1B2A",
              "borderRadius": 5,
              "borderStyle": "solid",
              "borderWidth": 1,
              "marginTop": 20,
              "paddingHorizontal": 40,
              "paddingVertical": 15,
            }
          }
        >
          <Text
            accessible={true}
            allowFontScaling={true}
            ellipsizeMode="tail"
            style={
              Object {
                "color": "#0D1B2A",
                "fontSize": 23,
                "fontWeight": "600",
              }
            }
          >
            Change Password
          </Text>
        </TouchableOpacity>
      </View>
      <TouchableHighlight
        activeOpacity={0.85}
        delayPressOut={100}
        onPress={undefined}
        style={
          Object {
            "padding": 15,
          }
        }
        underlayColor="black"
      >
        <Text
          accessible={true}
          allowFontScaling={true}
          ellipsizeMode="tail"
        >
          Back
        </Text>
      </TouchableHighlight>
    </ExponentLinearGradient>
  </Modal>
  <TouchableHighlight
    activeOpacity={0.85}
    delayPressOut={100}
    onPress={undefined}
    style={
      Object {
        "backgroundColor": "#D37482",
        "borderRadius": 5,
        "marginTop": 20,
        "paddingHorizontal": 30,
        "paddingVertical": 10,
      }
    }
    underlayColor="black"
  >
    <Text
      accessible={true}
      allowFontScaling={true}
      ellipsizeMode="tail"
      style={
        Object {
          "color": "#fafafa",
          "fontSize": 16,
          "fontWeight": "600",
        }
      }
    >
      Change Password
    </Text>
  </TouchableHighlight>
</View>
`;
